---
source: crates/engine/tests/rules/layers.rs
expression: runner.snapshot()
---
{
  "players": [
    {
      "life": 20,
      "hand": [],
      "graveyard": []
    },
    {
      "life": 20,
      "hand": [],
      "graveyard": []
    }
  ],
  "battlefield": [
    {
      "name": "Bear",
      "owner": 0,
      "power": 4,
      "toughness": 4,
      "tapped": false,
      "damage": 0,
      "keywords": []
    },
    {
      "name": "First Lord",
      "owner": 0,
      "power": 4,
      "toughness": 4,
      "tapped": false,
      "damage": 0,
      "keywords": []
    },
    {
      "name": "Second Lord",
      "owner": 0,
      "power": 4,
      "toughness": 4,
      "tapped": false,
      "damage": 0,
      "keywords": []
    }
  ],
  "stack": [],
  "events": []
}
