---
source: crates/engine/src/parser/oracle_ir/snapshot_tests.rs
expression: "&ir"
---
{
  "items": [
    {
      "id": 0,
      "source": {
        "id": {
          "item": 0,
          "ordinal": 0
        },
        "span": {
          "first_line": 0,
          "last_line": 0,
          "start_byte": 0,
          "end_byte": 74,
          "precision": "Exact",
          "ordinal_within_span": 0
        },
        "fragment": "{4}{B}, {T}: Target player discards two cards. Activate only as a sorcery."
      },
      "node": {
        "PreLoweredSpell": {
          "kind": "Activated",
          "effect": {
            "type": "Discard",
            "count": {
              "type": "Fixed",
              "value": 2
            },
            "target": {
              "type": "Player"
            }
          },
          "cost": {
            "type": "Composite",
            "costs": [
              {
                "type": "Mana",
                "cost": {
                  "type": "Cost",
                  "shards": [
                    "Black"
                  ],
                  "generic": 4
                }
              },
              {
                "type": "Tap"
              }
            ]
          },
          "sub_ability": null,
          "duration": null,
          "description": "{4}{B}, {T}: Target player discards two cards. Activate only as a sorcery.",
          "target_prompt": null,
          "activation_restrictions": [
            {
              "type": "AsSorcery"
            }
          ],
          "condition": null,
          "optional_targeting": false,
          "optional": false,
          "forward_result": false
        }
      }
    },
    {
      "id": 1,
      "source": {
        "id": {
          "item": 1,
          "ordinal": 0
        },
        "span": {
          "first_line": 1,
          "last_line": 1,
          "start_byte": 75,
          "end_byte": 179,
          "precision": "Exact",
          "ordinal_within_span": 0
        },
        "fragment": "Channel — {5}{B}{B}, Discard this card: Target player discards four cards. Activate only as a sorcery."
      },
      "node": {
        "PreLoweredSpell": {
          "kind": "Activated",
          "effect": {
            "type": "Discard",
            "count": {
              "type": "Fixed",
              "value": 4
            },
            "target": {
              "type": "Player"
            }
          },
          "cost": {
            "type": "Composite",
            "costs": [
              {
                "type": "Mana",
                "cost": {
                  "type": "Cost",
                  "shards": [
                    "Black",
                    "Black"
                  ],
                  "generic": 5
                }
              },
              {
                "type": "Discard",
                "count": {
                  "type": "Fixed",
                  "value": 1
                },
                "filter": null,
                "random": false,
                "self_ref": true
              }
            ]
          },
          "sub_ability": null,
          "duration": null,
          "description": "Channel — {5}{B}{B}, Discard this card: Target player discards four cards. Activate only as a sorcery.",
          "target_prompt": null,
          "activation_restrictions": [
            {
              "type": "AsSorcery"
            }
          ],
          "activation_zone": "Hand",
          "condition": null,
          "optional_targeting": false,
          "optional": false,
          "forward_result": false,
          "consumes_source": true
        }
      }
    }
  ],
  "source_text": "{4}{B}, {T}: Target player discards two cards. Activate only as a sorcery.\nChannel — {5}{B}{B}, Discard this card: Target player discards four cards. Activate only as a sorcery.",
  "card_name": "Ghost-Lit Stalker"
}
